<?xml version="1.0" encoding="utf-8"?><testsuites name="pytest tests"><testsuite name="pytest" errors="0" failures="0" skipped="0" tests="54" time="9.786" timestamp="2026-07-05T18:50:44.191287+05:30" hostname="DESKTOP-U49LLPC"><testcase classname="tests.test_feature_importance" name="test_feature_importance_exists" time="0.009" /><testcase classname="tests.test_feature_importance" name="test_feature_column_exists" time="0.003" /><testcase classname="tests.test_feature_importance" name="test_importance_column_exists" time="0.002" /><testcase classname="tests.test_model_comparison" name="test_model_comparison_exists" time="0.002" /><testcase classname="tests.test_model_comparison" name="test_best_model_exists" time="0.003" /><testcase classname="tests.test_model_comparison" name="test_r2_column_exists" time="0.005" /><testcase classname="tests.test_mysql_connection" name="test_get_engine" time="0.181" /><testcase classname="tests.test_mysql_connection" name="test_load_employee_table" time="0.089" /><testcase classname="tests.test_schema_validator" name="test_validate_required_tables" time="0.036" /><testcase classname="tests.test_stage2_features" name="test_create_performance_features" time="0.005" /><testcase classname="tests.test_stage2_features" name="test_create_attendance_features" time="0.007" /><testcase classname="tests.test_stage2_features" name="test_create_leave_features" time="0.004" /><testcase classname="tests.test_stage2_features" name="test_create_hierarchy_features" time="0.003" /><testcase classname="tests.test_stage2_pipeline" name="test_processed_dataset_exists" time="0.001" /><testcase classname="tests.test_stage2_pipeline" name="test_processed_dataset_has_rows" time="0.041" /><testcase classname="tests.test_stage2_pipeline" name="test_processed_dataset_has_engineered_features" time="0.007" /><testcase classname="tests.test_stage2_pipeline" name="test_no_duplicate_employee_ids" time="0.010" /><testcase classname="tests.test_stage3_models" name="test_get_regression_models" time="0.001" /><testcase classname="tests.test_stage3_models" name="test_calculate_regression_metrics" time="0.002" /><testcase classname="tests.test_stage3_models" name="test_assign_performance_category" time="0.001" /><testcase classname="tests.test_stage3_models" name="test_load_training_data_removes_zero_scores" time="0.013" /><testcase classname="tests.test_stage3_models" name="test_prepare_features_and_target" time="0.008" /><testcase classname="tests.test_stage3_models" name="test_load_prediction_data" time="0.010" /><testcase classname="tests.test_stage3_models" name="test_prepare_prediction_features" time="0.007" /><testcase classname="tests.test_stage3_models" name="test_build_preprocessor" time="0.029" /><testcase classname="tests.test_stage3_models" name="test_train_and_evaluate_models_integration" time="5.156" /><testcase classname="tests.test_stage3_models" name="test_generate_predictions_integration" time="0.058" /><testcase classname="tests.test_stage3_predictions" name="test_prediction_file_exists" time="0.004" /><testcase classname="tests.test_stage3_predictions" name="test_prediction_column_exists" time="0.005" /><testcase classname="tests.test_stage3_predictions" name="test_predictions_generated" time="0.006" /><testcase classname="tests.test_stage3_predictions" name="test_prediction_categories_exist" time="0.003" /><testcase classname="tests.test_stage3b_authorization" name="test_require_login_not_authenticated" time="0.365" /><testcase classname="tests.test_stage3b_authorization" name="test_require_login_authenticated" time="0.004" /><testcase classname="tests.test_stage3b_authorization" name="test_require_role_authorized" time="0.007" /><testcase classname="tests.test_stage3b_authorization" name="test_require_role_unauthorized" time="0.015" /><testcase classname="tests.test_stage3b_security" name="test_admin_login" time="0.059" /><testcase classname="tests.test_stage3b_security" name="test_manager_invalid_password" time="0.001" /><testcase classname="tests.test_stage3b_security" name="test_admin_role" time="0.002" /><testcase classname="tests.test_stage3b_security" name="test_leadership_role" time="0.003" /><testcase classname="tests.test_stage3b_security" name="test_manager_role" time="0.074" /><testcase classname="tests.test_stage3b_security" name="test_all_employee_ids" time="0.052" /><testcase classname="tests.test_stage3b_security" name="test_manager_reportees" time="0.058" /><testcase classname="tests.test_stage3b_security" name="test_admin_access" time="0.155" /><testcase classname="tests.test_stage3b_security" name="test_leadership_access" time="0.125" /><testcase classname="tests.test_stage3b_security" name="test_hr_access" time="0.117" /><testcase classname="tests.test_stage3b_security" name="test_manager_access" time="0.127" /><testcase classname="tests.test_stage3b_security" name="test_unknown_role" time="0.001" /><testcase classname="tests.test_stage3b_security" name="test_invalid_employee" time="0.069" /><testcase classname="tests.test_stage3b_security" name="test_invalid_first_name" time="0.050" /><testcase classname="tests.test_stage3b_security" name="test_invalid_last_name" time="0.054" /><testcase classname="tests.test_stage3b_security" name="test_invalid_role" time="0.055" /><testcase classname="tests.test_stage3b_session" name="test_initialize_session" time="0.002" /><testcase classname="tests.test_stage3b_session" name="test_login_user" time="0.002" /><testcase classname="tests.test_stage3b_session" name="test_logout_user" time="0.002" /></testsuite></testsuites>